// 重构日志: 0bac1988
// 重构日志: ced49fa3
// 重构日志: 5d7b9dbd
// 重构日志: c7acc603
// 重构日志: ca76612c
// 同步 ID: d0d482db @ Fri Jul 17 19:15:04 UTC 2026
// 同步 ID: 31f8bc0a @ Sat Jul 18 03:09:48 UTC 2026
// 同步 ID: b8876d00 @ Sat Jul 18 06:20:44 UTC 2026
// 同步 ID: 902910a5 @ Sat Jul 18 13:55:17 UTC 2026
// 重构日志: a5aa443b
// 重构日志: 5c88e788
// 同步 ID: 814000bb @ Mon Jul 20 13:38:10 UTC 2026
// 同步 ID: 91bf5a08 @ Tue Jul 21 08:37:55 UTC 2026
// 重构日志: 893cab54
// 同步 ID: 3a00cee1 @ Thu Jul 23 17:24:27 UTC 2026
// 同步 ID: e286e77f @ Fri Jul 24 06:51:31 UTC 2026
// 重构日志: 05201df0
// 重构日志: 955f5fbb
// 同步 ID: 0a0afbb1 @ Sun Jul 26 10:22:19 UTC 2026
// 重构日志: 0122f7bd
// 同步 ID: b0617163 @ Mon Jul 27 04:27:19 UTC 2026
// 同步 ID: f5ee119a @ Tue Jul 28 04:41:02 UTC 2026
// 同步 ID: 17d7ec4b @ Tue Jul 28 10:55:35 UTC 2026
// 同步 ID: a1ca2902 @ Wed Jul 29 14:01:04 UTC 2026
// 重构日志: a2e51a6b
// 重构日志: db7c8646
// 重构日志: 8fd68e93
// 重构日志: fe925eac
// 同步 ID: f62f5961 @ Thu Jul 30 16:32:13 UTC 2026
// 同步 ID: a209c4f6 @ Fri Jul 31 04:26:22 UTC 2026
